// Jest Snapshot v1, https://goo.gl/fbAQLP

exports[`<BookPassengersSection /> render BookPassengersSection Component 1`] = `
ShallowWrapper {
  "complexSelector": ComplexSelector {
    "buildPredicate": [Function],
    "childrenOfNode": [Function],
    "findWhereUnwrapped": [Function],
  },
  "length": 1,
  "node": <div
    aria-label="Passengers"
    className={undefined}
    id="Adults (18-64)"
>
    <span
        className={undefined}
        id="Adults (18-64) title"
    >
        Adults
        <span
            className={undefined}
        >
             
            (18-64)
        </span>
    </span>
    <p
        className={undefined}
    >
        <button
            aria-label="minus"
            className="Adults (18-64)qtyminus"
            disabled={false}
            id="Adults (18-64) minusBtn"
            onClick={[Function]}
            role="button"
            tabIndex={undefined}
            type="button"
        >
            -
        </button>
        <DefaultConnectedControlInput
            aria-label="3 Adults, (18-64), NaN of undefined passenger types"
            autoComplete="off"
            className="(18-64)txtInput"
            id="Adults"
            max={9}
            min={undefined}
            model={undefined}
            name="quantity"
            onClick={[Function]}
            onFocus={[Function]}
            onKeyUp={[Function]}
            pattern="[0-9]*"
            tabIndex="0"
            type="number"
        />
        <button
            aria-label="plus"
            className="(18-64)qtyplus"
            disabled={false}
            id="Adults (18-64) plusBtn"
            onClick={[Function]}
            role="button"
            tabIndex="0"
            type="button"
        >
            +
        </button>
    </p>
</div>,
  "nodes": Array [
    <div
      aria-label="Passengers"
      className={undefined}
      id="Adults (18-64)"
>
      <span
            className={undefined}
            id="Adults (18-64) title"
      >
            Adults
            <span
                  className={undefined}
            >
                   
                  (18-64)
            </span>
      </span>
      <p
            className={undefined}
      >
            <button
                  aria-label="minus"
                  className="Adults (18-64)qtyminus"
                  disabled={false}
                  id="Adults (18-64) minusBtn"
                  onClick={[Function]}
                  role="button"
                  tabIndex={undefined}
                  type="button"
            >
                  -
            </button>
            <DefaultConnectedControlInput
                  aria-label="3 Adults, (18-64), NaN of undefined passenger types"
                  autoComplete="off"
                  className="(18-64)txtInput"
                  id="Adults"
                  max={9}
                  min={undefined}
                  model={undefined}
                  name="quantity"
                  onClick={[Function]}
                  onFocus={[Function]}
                  onKeyUp={[Function]}
                  pattern="[0-9]*"
                  tabIndex="0"
                  type="number"
            />
            <button
                  aria-label="plus"
                  className="(18-64)qtyplus"
                  disabled={false}
                  id="Adults (18-64) plusBtn"
                  onClick={[Function]}
                  role="button"
                  tabIndex="0"
                  type="button"
            >
                  +
            </button>
      </p>
</div>,
  ],
  "options": Object {},
  "renderer": ReactShallowRenderer {
    "_instance": ShallowComponentWrapper {
      "_calledComponentWillUnmount": false,
      "_compositeType": 1,
      "_context": Object {},
      "_currentElement": <BookPassengersSection
        currentAmount={3}
        id="Adults (18-64)"
        maxLimit={9}
        minusBtnDisabled={false}
        onQuantityClick={[Function]}
        onQuantityInputFocus={[Function]}
        onTextInput={[Function]}
        plusBtnDisabled={false}
        sectionDetail="(18-64)"
        sectionTitle="Adults"
/>,
      "_debugID": 1,
      "_hostContainerInfo": null,
      "_hostParent": null,
      "_instance": BookPassengersSection {
        "_reactInternalInstance": [Circular],
        "context": Object {},
        "props": Object {
          "currentAmount": 3,
          "id": "Adults (18-64)",
          "maxLimit": 9,
          "minusBtnDisabled": false,
          "onQuantityClick": [Function],
          "onQuantityInputFocus": [Function],
          "onTextInput": [Function],
          "plusBtnDisabled": false,
          "sectionDetail": "(18-64)",
          "sectionTitle": "Adults",
        },
        "refs": Object {},
        "state": null,
        "updater": Object {
          "enqueueCallback": [Function],
          "enqueueCallbackInternal": [Function],
          "enqueueElementInternal": [Function],
          "enqueueForceUpdate": [Function],
          "enqueueReplaceState": [Function],
          "enqueueSetState": [Function],
          "isMounted": [Function],
          "validateCallback": [Function],
        },
      },
      "_mountOrder": 1,
      "_pendingCallbacks": null,
      "_pendingElement": null,
      "_pendingForceUpdate": false,
      "_pendingReplaceState": false,
      "_pendingStateQueue": null,
      "_renderedComponent": NoopInternalComponent {
        "_currentElement": <div
          aria-label="Passengers"
          className={undefined}
          id="Adults (18-64)"
>
          <span
                    className={undefined}
                    id="Adults (18-64) title"
          >
                    Adults
                    <span
                              className={undefined}
                    >
                               
                              (18-64)
                    </span>
          </span>
          <p
                    className={undefined}
          >
                    <button
                              aria-label="minus"
                              className="Adults (18-64)qtyminus"
                              disabled={false}
                              id="Adults (18-64) minusBtn"
                              onClick={[Function]}
                              role="button"
                              tabIndex={undefined}
                              type="button"
                    >
                              -
                    </button>
                    <DefaultConnectedControlInput
                              aria-label="3 Adults, (18-64), NaN of undefined passenger types"
                              autoComplete="off"
                              className="(18-64)txtInput"
                              id="Adults"
                              max={9}
                              min={undefined}
                              model={undefined}
                              name="quantity"
                              onClick={[Function]}
                              onFocus={[Function]}
                              onKeyUp={[Function]}
                              pattern="[0-9]*"
                              tabIndex="0"
                              type="number"
                    />
                    <button
                              aria-label="plus"
                              className="(18-64)qtyplus"
                              disabled={false}
                              id="Adults (18-64) plusBtn"
                              onClick={[Function]}
                              role="button"
                              tabIndex="0"
                              type="button"
                    >
                              +
                    </button>
          </p>
</div>,
        "_debugID": 2,
        "_renderedOutput": <div
          aria-label="Passengers"
          className={undefined}
          id="Adults (18-64)"
>
          <span
                    className={undefined}
                    id="Adults (18-64) title"
          >
                    Adults
                    <span
                              className={undefined}
                    >
                               
                              (18-64)
                    </span>
          </span>
          <p
                    className={undefined}
          >
                    <button
                              aria-label="minus"
                              className="Adults (18-64)qtyminus"
                              disabled={false}
                              id="Adults (18-64) minusBtn"
                              onClick={[Function]}
                              role="button"
                              tabIndex={undefined}
                              type="button"
                    >
                              -
                    </button>
                    <DefaultConnectedControlInput
                              aria-label="3 Adults, (18-64), NaN of undefined passenger types"
                              autoComplete="off"
                              className="(18-64)txtInput"
                              id="Adults"
                              max={9}
                              min={undefined}
                              model={undefined}
                              name="quantity"
                              onClick={[Function]}
                              onFocus={[Function]}
                              onKeyUp={[Function]}
                              pattern="[0-9]*"
                              tabIndex="0"
                              type="number"
                    />
                    <button
                              aria-label="plus"
                              className="(18-64)qtyplus"
                              disabled={false}
                              id="Adults (18-64) plusBtn"
                              onClick={[Function]}
                              role="button"
                              tabIndex="0"
                              type="button"
                    >
                              +
                    </button>
          </p>
</div>,
      },
      "_renderedNodeType": 0,
      "_rootNodeID": 0,
      "_topLevelWrapper": null,
      "_updateBatchNumber": null,
      "_warnedAboutRefsInRender": false,
    },
    "getRenderOutput": [Function],
    "render": [Function],
  },
  "root": [Circular],
  "unrendered": <BookPassengersSection
    currentAmount={3}
    id="Adults (18-64)"
    maxLimit={9}
    minusBtnDisabled={false}
    onQuantityClick={[Function]}
    onQuantityInputFocus={[Function]}
    onTextInput={[Function]}
    plusBtnDisabled={false}
    sectionDetail="(18-64)"
    sectionTitle="Adults"
/>,
}
`;
